../Core/Src/r820t2.c:203:6:R820T2_TIMEOUT_UserCallback	8	static
../Core/Src/r820t2.c:215:6:R820T2_i2c_write	24	static
../Core/Src/r820t2.c:243:6:R820T2_i2c_write_reg	24	static
../Core/Src/r820t2.c:259:6:R820T2_i2c_write_cache_mask	24	static
../Core/Src/r820t2.c:282:6:R820T2_i2c_read_raw	24	static
../Core/Src/r820t2.c:309:9:R820T2_i2c_read_reg_uncached	24	static
../Core/Src/r820t2.c:328:9:R820T2_i2c_read_reg_cached	0	static
../Core/Src/r820t2.c:389:6:R820T2_set_pll	56	static
../Core/Src/r820t2.c:475:6:R820T2_set_freq	48	static
../Core/Src/r820t2.c:487:6:R820T2_set_lna_gain	24	static
../Core/Src/r820t2.c:495:6:R820T2_set_mixer_gain	24	static
../Core/Src/r820t2.c:503:6:R820T2_set_vga_gain_VGA_code	24	static
../Core/Src/r820t2.c:557:6:R820T2_set_vga_gain_VAGC_pin	0	static
../Core/Src/r820t2.c:571:6:R820T2_config_VAGC_pin	24	static
../Core/Src/r820t2.c:583:6:R820T2_set_lna_agc	24	static
../Core/Src/r820t2.c:592:6:R820T2_set_mixer_agc	24	static
../Core/Src/r820t2.c:603:6:R820T2_set_if_bandwidth	32	static
../Core/Src/r820t2.c:619:9:R820T2_calibrate	56	static
../Core/Src/r820t2.c:668:9:R820T2_PLL_lock_check	32	static
../Core/Src/r820t2.c:684:6:R820T2_init	56	static
