../Core/Src/stm32f4xx_it.c:173:6:NMI_Handler	0	static
../Core/Src/stm32f4xx_it.c:188:6:HardFault_Handler	0	static
../Core/Src/stm32f4xx_it.c:203:6:MemManage_Handler	0	static
../Core/Src/stm32f4xx_it.c:218:6:BusFault_Handler	0	static
../Core/Src/stm32f4xx_it.c:233:6:UsageFault_Handler	0	static
../Core/Src/stm32f4xx_it.c:248:6:SVC_Handler	0	static
../Core/Src/stm32f4xx_it.c:261:6:DebugMon_Handler	0	static
../Core/Src/stm32f4xx_it.c:274:6:PendSV_Handler	0	static
../Core/Src/stm32f4xx_it.c:287:6:SysTick_Handler	0	static
../Core/Src/stm32f4xx_it.c:308:6:DMA1_Stream5_IRQHandler	0	static
../Core/Src/stm32f4xx_it.c:322:6:UART5_IRQHandler	0	static
../Core/Src/stm32f4xx_it.c:336:6:DMA2_Stream0_IRQHandler	0	static
../Core/Src/stm32f4xx_it.c:349:6:HAL_ADC_ConvHalfCpltCallback	84	static
../Core/Src/stm32f4xx_it.c:495:6:HAL_ADC_ConvCpltCallback	84	static
../Core/Src/stm32f4xx_it.c:633:6:HAL_UART_RxCpltCallback	8	static
../Core/Src/stm32f4xx_it.c:651:6:HAL_UART_TxCpltCallback	8	static
