../Core/Src/stm32f4xx_it.c:166:6:NMI_Handler	0	static
../Core/Src/stm32f4xx_it.c:181:6:HardFault_Handler	0	static
../Core/Src/stm32f4xx_it.c:196:6:MemManage_Handler	0	static
../Core/Src/stm32f4xx_it.c:211:6:BusFault_Handler	0	static
../Core/Src/stm32f4xx_it.c:226:6:UsageFault_Handler	0	static
../Core/Src/stm32f4xx_it.c:241:6:SVC_Handler	0	static
../Core/Src/stm32f4xx_it.c:254:6:DebugMon_Handler	0	static
../Core/Src/stm32f4xx_it.c:267:6:PendSV_Handler	0	static
../Core/Src/stm32f4xx_it.c:280:6:SysTick_Handler	0	static
../Core/Src/stm32f4xx_it.c:301:6:DMA1_Stream5_IRQHandler	0	static
../Core/Src/stm32f4xx_it.c:315:6:UART5_IRQHandler	0	static
../Core/Src/stm32f4xx_it.c:329:6:DMA2_Stream0_IRQHandler	0	static
../Core/Src/stm32f4xx_it.c:342:6:HAL_ADC_ConvHalfCpltCallback	84	static
../Core/Src/stm32f4xx_it.c:490:6:HAL_ADC_ConvCpltCallback	84	static
../Core/Src/stm32f4xx_it.c:628:6:HAL_UART_RxCpltCallback	8	static
../Core/Src/stm32f4xx_it.c:646:6:HAL_UART_TxCpltCallback	8	static
